#
# There is insufficient memory for the Java Runtime Environment to continue.
# Native memory allocation (malloc) failed to allocate 990368 bytes. Error detail: Chunk::new
# Possible reasons:
#   The system is out of physical RAM or swap space
#   This process is running with CompressedOops enabled, and the Java Heap may be blocking the growth of the native heap
# Possible solutions:
#   Reduce memory load on the system
#   Increase physical memory or swap space
#   Check if swap backing store is full
#   Decrease Java heap size (-Xmx/-Xms)
#   Decrease number of Java threads
#   Decrease Java thread stack sizes (-Xss)
#   Set larger code cache with -XX:ReservedCodeCacheSize=
#   JVM is running with Zero Based Compressed Oops mode in which the Java heap is
#     placed in the first 32GB address space. The Java Heap base address is the
#     maximum limit for the native heap growth. Please use -XX:HeapBaseMinAddress
#     to set the Java Heap base and to place the Java Heap above 32GB virtual address.
# This output file may be truncated or incomplete.
#
#  Out of Memory Error (arena.cpp:168), pid=3172, tid=11816
#
# JRE version: OpenJDK Runtime Environment Temurin-21.0.12.1+1 (21.0.12.1+1) (build 21.0.12.1+1-LTS)
# Java VM: OpenJDK 64-Bit Server VM Temurin-21.0.12.1+1 (21.0.12.1+1-LTS, mixed mode, sharing, tiered, compressed oops, compressed class ptrs, parallel gc, windows-amd64)
# No core dump will be written. Minidumps are not enabled by default on client versions of Windows
#

---------------  S U M M A R Y ------------

Command Line: --add-modules=ALL-SYSTEM --add-opens=java.base/java.util=ALL-UNNAMED --add-opens=java.base/java.lang=ALL-UNNAMED --add-opens=java.base/sun.nio.fs=ALL-UNNAMED -Declipse.application=org.eclipse.jdt.ls.core.id1 -Dosgi.bundles.defaultStartLevel=4 -Declipse.product=org.eclipse.jdt.ls.core.product -Djava.import.generatesMetadataFilesAtProjectRoot=false -Dm2e.project.cache.size=50 -DDetectVMInstallationsJob.disabled=true -Dfile.encoding=utf8 -XX:+UseParallelGC -XX:GCTimeRatio=4 -XX:AdaptiveSizePolicyWeight=90 -Dsun.zip.disableMemoryMapping=true -Xmx4G -Xms100m -Xlog:disable -javaagent:c:\Users\PC\.vscode\extensions\redhat.java-1.56.0-win32-x64\lombok\lombok-1.18.39-4050.jar -XX:+HeapDumpOnOutOfMemoryError -XX:HeapDumpPath=c:\Users\PC\AppData\Roaming\Code\User\workspaceStorage\31b614057c0cd9dbfdc92048a1b492f8\redhat.java -Daether.dependencyCollector.impl=bf c:\Users\PC\.vscode\extensions\redhat.java-1.56.0-win32-x64\server\plugins\org.eclipse.equinox.launcher_1.8.0.v20260804-1928.jar -configuration c:\Users\PC\AppData\Roaming\Code\User\globalStorage\redhat.java\1.56.0\config_win -data c:\Users\PC\AppData\Roaming\Code\User\workspaceStorage\31b614057c0cd9dbfdc92048a1b492f8\redhat.java\jdt_ws --pipe=\\.\pipe\lsp-8df403642cf4827ccd57b174091d7a49-sock

Host: Intel(R) Core(TM) i3 CPU       M 380  @ 2.53GHz, 4 cores, 1G,  Windows 10 , 64 bit Build 19041 (10.0.19041.5915)
Time: Mon Sep  7 19:17:37 2026 India Standard Time elapsed time: 235.256137 seconds (0d 0h 3m 55s)

---------------  T H R E A D  ---------------

Current thread (0x0000018f751234a0):  JavaThread "C2 CompilerThread0" daemon [_thread_in_native, id=11816, stack(0x0000000b8ac00000,0x0000000b8ad00000) (1024K)]


Current CompileTask:
C2:235256 9459       4       org.eclipse.jdt.internal.compiler.lookup.ModuleBinding::getOrCreateDeclaredPackage (136 bytes)

Stack: [0x0000000b8ac00000,0x0000000b8ad00000]
Native frames: (J=compiled Java code, j=interpreted, Vv=VM code, C=native code)
V  [jvm.dll+0x6d83e9]
V  [jvm.dll+0x8b5736]
V  [jvm.dll+0x8b7cee]
V  [jvm.dll+0x8b83d3]
V  [jvm.dll+0x284596]
V  [jvm.dll+0xc685d]
V  [jvm.dll+0xc6da1]
V  [jvm.dll+0x3bf18b]
V  [jvm.dll+0x38b6d2]
V  [jvm.dll+0x38ab1a]
V  [jvm.dll+0x24c700]
V  [jvm.dll+0x24bce0]
V  [jvm.dll+0x1cb4ae]
V  [jvm.dll+0x25baad]
V  [jvm.dll+0x25a03a]
V  [jvm.dll+0x3f8aae]
V  [jvm.dll+0x8600cd]
V  [jvm.dll+0x6d6c1d]
C  [ucrtbase.dll+0x21bb2]
C  [KERNEL32.DLL+0x17374]
C  [ntdll.dll+0x4cc91]


---------------  P R O C E S S  ---------------

Threads class SMR info:
_java_thread_list=0x0000018f7e1ad8a0, length=39, elements={
0x0000018f59dcf9c0, 0x0000018f751195a0, 0x0000018f7511ab50, 0x0000018f7511e430,
0x0000018f7511f090, 0x0000018f75121c00, 0x0000018f75122660, 0x0000018f751234a0,
0x0000018f75192680, 0x0000018f7a130880, 0x0000018f7a263290, 0x0000018f7a8bda00,
0x0000018f7a5f8c80, 0x0000018f7a963f60, 0x0000018f7a8fd710, 0x0000018f7adf84c0,
0x0000018f7aa0cb30, 0x0000018f7a971220, 0x0000018f7a970b90, 0x0000018f7a972c60,
0x0000018f7a971f40, 0x0000018f7a970500, 0x0000018f7b89f140, 0x0000018f7b89d700,
0x0000018f7b89e420, 0x0000018f7b89f7d0, 0x0000018f7b89fe60, 0x0000018f7b8a04f0,
0x0000018f7b89d070, 0x0000018f7b89dd90, 0x0000018f7c3460e0, 0x0000018f7c341f40,
0x0000018f7c346770, 0x0000018f7c33fe70, 0x0000018f7c3418b0, 0x0000018f7c342c60,
0x0000018f7c343980, 0x0000018f7c340500, 0x0000018f7c340b90
}

Java Threads: ( => current thread )
  0x0000018f59dcf9c0 JavaThread "main"                              [_thread_blocked, id=2380, stack(0x0000000b8a200000,0x0000000b8a300000) (1024K)]
  0x0000018f751195a0 JavaThread "Reference Handler"          daemon [_thread_blocked, id=10476, stack(0x0000000b8a600000,0x0000000b8a700000) (1024K)]
  0x0000018f7511ab50 JavaThread "Finalizer"                  daemon [_thread_blocked, id=4528, stack(0x0000000b8a700000,0x0000000b8a800000) (1024K)]
  0x0000018f7511e430 JavaThread "Signal Dispatcher"          daemon [_thread_blocked, id=2180, stack(0x0000000b8a800000,0x0000000b8a900000) (1024K)]
  0x0000018f7511f090 JavaThread "Attach Listener"            daemon [_thread_blocked, id=8888, stack(0x0000000b8a900000,0x0000000b8aa00000) (1024K)]
  0x0000018f75121c00 JavaThread "Service Thread"             daemon [_thread_blocked, id=7460, stack(0x0000000b8aa00000,0x0000000b8ab00000) (1024K)]
  0x0000018f75122660 JavaThread "Monitor Deflation Thread"   daemon [_thread_blocked, id=3328, stack(0x0000000b8ab00000,0x0000000b8ac00000) (1024K)]
=>0x0000018f751234a0 JavaThread "C2 CompilerThread0"         daemon [_thread_in_native, id=11816, stack(0x0000000b8ac00000,0x0000000b8ad00000) (1024K)]
  0x0000018f75192680 JavaThread "C1 CompilerThread0"         daemon [_thread_blocked, id=1200, stack(0x0000000b8ad00000,0x0000000b8ae00000) (1024K)]
  0x0000018f7a130880 JavaThread "Common-Cleaner"             daemon [_thread_blocked, id=11856, stack(0x0000000b8ae00000,0x0000000b8af00000) (1024K)]
  0x0000018f7a263290 JavaThread "Notification Thread"        daemon [_thread_blocked, id=5304, stack(0x0000000b8b000000,0x0000000b8b100000) (1024K)]
  0x0000018f7a8bda00 JavaThread "Active Thread: Equinox Container: 005349ec-5f50-4c14-afb8-a2b380d49ca3"        [_thread_blocked, id=3976, stack(0x0000000b8b400000,0x0000000b8b500000) (1024K)]
  0x0000018f7a5f8c80 JavaThread "Refresh Thread: Equinox Container: 005349ec-5f50-4c14-afb8-a2b380d49ca3" daemon [_thread_blocked, id=9668, stack(0x0000000b8b500000,0x0000000b8b600000) (1024K)]
  0x0000018f7a963f60 JavaThread "Framework Event Dispatcher: Equinox Container: 005349ec-5f50-4c14-afb8-a2b380d49ca3" daemon [_thread_blocked, id=6152, stack(0x0000000b8b600000,0x0000000b8b700000) (1024K)]
  0x0000018f7a8fd710 JavaThread "Start Level: Equinox Container: 005349ec-5f50-4c14-afb8-a2b380d49ca3" daemon [_thread_blocked, id=6884, stack(0x0000000b8b700000,0x0000000b8b800000) (1024K)]
  0x0000018f7adf84c0 JavaThread "Bundle File Closer"         daemon [_thread_blocked, id=12052, stack(0x0000000b8b800000,0x0000000b8b900000) (1024K)]
  0x0000018f7aa0cb30 JavaThread "SCR Component Actor"        daemon [_thread_blocked, id=5060, stack(0x0000000b8b900000,0x0000000b8ba00000) (1024K)]
  0x0000018f7a971220 JavaThread "Worker-JM"                         [_thread_blocked, id=11080, stack(0x0000000b8ba00000,0x0000000b8bb00000) (1024K)]
  0x0000018f7a970b90 JavaThread "JNA Cleaner"                daemon [_thread_blocked, id=10024, stack(0x0000000b8bb00000,0x0000000b8bc00000) (1024K)]
  0x0000018f7a972c60 JavaThread "Worker-1"                          [_thread_blocked, id=8116, stack(0x0000000b8bd00000,0x0000000b8be00000) (1024K)]
  0x0000018f7a971f40 JavaThread "Java indexing"              daemon [_thread_in_vm, id=10448, stack(0x0000000b8c000000,0x0000000b8c100000) (1024K)]
  0x0000018f7a970500 JavaThread "Worker-4: Publish Diagnostics"        [_thread_blocked, id=4012, stack(0x0000000b8c300000,0x0000000b8c400000) (1024K)]
  0x0000018f7b89f140 JavaThread "Thread-1"                   daemon [_thread_in_native, id=7916, stack(0x0000000b8c500000,0x0000000b8c600000) (1024K)]
  0x0000018f7b89d700 JavaThread "Thread-2"                   daemon [_thread_in_native, id=1612, stack(0x0000000b8c600000,0x0000000b8c700000) (1024K)]
  0x0000018f7b89e420 JavaThread "Thread-3"                   daemon [_thread_in_native, id=4744, stack(0x0000000b8c700000,0x0000000b8c800000) (1024K)]
  0x0000018f7b89f7d0 JavaThread "Thread-4"                   daemon [_thread_in_native, id=9144, stack(0x0000000b8c800000,0x0000000b8c900000) (1024K)]
  0x0000018f7b89fe60 JavaThread "Thread-5"                   daemon [_thread_in_native, id=1060, stack(0x0000000b8c900000,0x0000000b8ca00000) (1024K)]
  0x0000018f7b8a04f0 JavaThread "pool-2-thread-1"                   [_thread_blocked, id=9484, stack(0x0000000b8ca00000,0x0000000b8cb00000) (1024K)]
  0x0000018f7b89d070 JavaThread "WorkspaceEventsHandler"            [_thread_blocked, id=9840, stack(0x0000000b8cb00000,0x0000000b8cc00000) (1024K)]
  0x0000018f7b89dd90 JavaThread "pool-1-thread-1"                   [_thread_blocked, id=5344, stack(0x0000000b8cc00000,0x0000000b8cd00000) (1024K)]
  0x0000018f7c3460e0 JavaThread "Compiler Source File Reader" daemon [_thread_blocked, id=10028, stack(0x0000000b8cd00000,0x0000000b8ce00000) (1024K)]
  0x0000018f7c341f40 JavaThread "PatternSearchJob-worker-1"  daemon [_thread_blocked, id=5620, stack(0x0000000b8cf00000,0x0000000b8d000000) (1024K)]
  0x0000018f7c346770 JavaThread "ForkJoinPool.commonPool-worker-1" daemon [_thread_blocked, id=11304, stack(0x0000000b8d000000,0x0000000b8d100000) (1024K)]
  0x0000018f7c33fe70 JavaThread "Compiler Source File Reader" daemon [_thread_blocked, id=9204, stack(0x0000000b8d200000,0x0000000b8d300000) (1024K)]
  0x0000018f7c3418b0 JavaThread "Cleaner-0"                  daemon [_thread_blocked, id=6380, stack(0x0000000b8d300000,0x0000000b8d400000) (1024K)]
  0x0000018f7c342c60 JavaThread "ForkJoinPool.commonPool-worker-3" daemon [_thread_blocked, id=11060, stack(0x0000000b8a000000,0x0000000b8a100000) (1024K)]
  0x0000018f7c343980 JavaThread "Compiler Processing Task"   daemon [_thread_blocked, id=828, stack(0x0000000b8a100000,0x0000000b8a200000) (1024K)]
  0x0000018f7c340500 JavaThread "Worker-6"                          [_thread_blocked, id=11644, stack(0x0000000b8af00000,0x0000000b8b000000) (1024K)]
  0x0000018f7c340b90 JavaThread "Worker-7"                          [_thread_blocked, id=5272, stack(0x0000000b8bc00000,0x0000000b8bd00000) (1024K)]
Total: 39

Other Threads:
  0x0000018f59e8acd0 VMThread "VM Thread"                           [id=10120, stack(0x0000000b8a500000,0x0000000b8a600000) (1024K)]
  0x0000018f750ccb00 WatcherThread "VM Periodic Task Thread"        [id=5628, stack(0x0000000b8a400000,0x0000000b8a500000) (1024K)]
  0x0000018f59decaa0 WorkerThread "GC Thread#0"                     [id=10036, stack(0x0000000b8a300000,0x0000000b8a400000) (1024K)]
  0x0000018f7a9009c0 WorkerThread "GC Thread#1"                     [id=8900, stack(0x0000000b8b100000,0x0000000b8b200000) (1024K)]
  0x0000018f7a900d70 WorkerThread "GC Thread#2"                     [id=7320, stack(0x0000000b8b200000,0x0000000b8b300000) (1024K)]
  0x0000018f7a436840 WorkerThread "GC Thread#3"                     [id=1788, stack(0x0000000b8b300000,0x0000000b8b400000) (1024K)]
Total: 6

Threads with active compile tasks:
C2 CompilerThread0  235326 9459       4       org.eclipse.jdt.internal.compiler.lookup.ModuleBinding::getOrCreateDeclaredPackage (136 bytes)
Total: 1

VM state: not at safepoint (normal execution)

VM Mutex/Monitor currently owned by a thread: None

Heap address: 0x0000000700000000, size: 4096 MB, Compressed Oops mode: Zero based, Oop shift amount: 3

CDS archive(s) mapped at: [0x0000018f00000000-0x0000018f00ba0000-0x0000018f00ba0000), size 12189696, SharedBaseAddress: 0x0000018f00000000, ArchiveRelocationMode: 1.
Compressed class space mapped at: 0x0000018f01000000-0x0000018f41000000, reserved size: 1073741824
Narrow klass base: 0x0000018f00000000, Narrow klass shift: 0, Narrow klass range: 0x100000000

GC Precious Log:
 CardTable entry size: 512
 CPUs: 4 total, 4 available
 Memory: 1910M
 Large Page Support: Disabled
 NUMA Support: Disabled
 Compressed Oops: Enabled (Zero based)
 Alignments: Space 512K, Generation 512K, Heap 2M
 Heap Min Capacity: 100M
 Heap Initial Capacity: 100M
 Heap Max Capacity: 4G
 Pre-touch: Disabled
 Parallel Workers: 4

Heap:
 PSYoungGen      total 21504K, used 12214K [0x00000007aab00000, 0x00000007ac680000, 0x0000000800000000)
  eden space 19968K, 55% used [0x00000007aab00000,0x00000007ab5d5c78,0x00000007abe80000)
  from space 1536K, 72% used [0x00000007ac500000,0x00000007ac617c18,0x00000007ac680000)
  to   space 3072K, 0% used [0x00000007ac080000,0x00000007ac080000,0x00000007ac380000)
 ParOldGen       total 68608K, used 48837K [0x0000000700000000, 0x0000000704300000, 0x00000007aab00000)
  object space 68608K, 71% used [0x0000000700000000,0x0000000702fb17b0,0x0000000704300000)
 Metaspace       used 63963K, committed 65344K, reserved 1114112K
  class space    used 6770K, committed 7360K, reserved 1048576K

Card table byte_map: [0x0000018f6bfe0000,0x0000018f6c7f0000] _byte_map_base: 0x0000018f687e0000

Marking Bits: (ParMarkBitMap*) 0x00007ffc4fec44a0
 Begin Bits: [0x0000018f6c7f0000, 0x0000018f707f0000)
 End Bits:   [0x0000018f707f0000, 0x0000018f747f0000)

Polling page: 0x0000018f57b10000

Metaspace:

Usage:
  Non-class:     55.85 MB used.
      Class:      6.61 MB used.
       Both:     62.46 MB used.

Virtual space:
  Non-class space:       64.00 MB reserved,      56.62 MB ( 88%) committed,  1 nodes.
      Class space:        1.00 GB reserved,       7.19 MB ( <1%) committed,  1 nodes.
             Both:        1.06 GB reserved,      63.81 MB (  6%) committed. 

Chunk freelists:
   Non-Class:  7.07 MB
       Class:  8.67 MB
        Both:  15.74 MB

MaxMetaspaceSize: unlimited
CompressedClassSpaceSize: 1.00 GB
Initial GC threshold: 21.00 MB
Current GC threshold: 97.31 MB
CDS: on
 - commit_granule_bytes: 65536.
 - commit_granule_words: 8192.
 - virtual_space_node_default_size: 8388608.
 - enlarge_chunks_in_place: 1.
 - use_allocation_guard: 0.


Internal statistics:

num_allocs_failed_limit: 9.
num_arena_births: 1038.
num_arena_deaths: 30.
num_vsnodes_births: 2.
num_vsnodes_deaths: 0.
num_space_committed: 1021.
num_space_uncommitted: 0.
num_chunks_returned_to_freelist: 41.
num_chunks_taken_from_freelist: 4040.
num_chunk_merges: 15.
num_chunk_splits: 2469.
num_chunks_enlarged: 1375.
num_inconsistent_stats: 0.

CodeHeap 'non-profiled nmethods': size=120000Kb used=5458Kb max_used=5458Kb free=114541Kb
 bounds [0x0000018f64ab0000, 0x0000018f65010000, 0x0000018f6bfe0000]
CodeHeap 'profiled nmethods': size=120000Kb used=19885Kb max_used=19885Kb free=100114Kb
 bounds [0x0000018f5cfe0000, 0x0000018f5e350000, 0x0000018f64510000]
CodeHeap 'non-nmethods': size=5760Kb used=1442Kb max_used=1499Kb free=4317Kb
 bounds [0x0000018f64510000, 0x0000018f64780000, 0x0000018f64ab0000]
CodeCache: size=245760Kb, used=26785Kb, max_used=26842Kb, free=218972Kb
 total_blobs=9528, nmethods=8761, adapters=674, full_count=0
Compilation: enabled, stopped_count=0, restarted_count=0

Compilation events (20 events):
Event: 235.202 Thread 0x0000018f75192680 9478       1       org.eclipse.core.internal.dtree.NodeComparison::getUserComparison (5 bytes)
Event: 235.202 Thread 0x0000018f75192680 nmethod 9478 0x0000018f65004310 code [0x0000018f650044a0, 0x0000018f65004568]
Event: 235.203 Thread 0x0000018f75192680 9479       1       org.eclipse.core.internal.events.ResourceChangeEvent::getType (5 bytes)
Event: 235.203 Thread 0x0000018f75192680 nmethod 9479 0x0000018f65004610 code [0x0000018f650047a0, 0x0000018f65004868]
Event: 235.203 Thread 0x0000018f75192680 9480       3       org.eclipse.core.internal.events.ResourceDelta::isHidden (38 bytes)
Event: 235.204 Thread 0x0000018f75192680 nmethod 9480 0x0000018f5e345210 code [0x0000018f5e3453e0, 0x0000018f5e3457e0]
Event: 235.204 Thread 0x0000018f75192680 9481       3       org.eclipse.jdt.internal.compiler.util.Util::isExcluded (208 bytes)
Event: 235.205 Thread 0x0000018f75192680 nmethod 9481 0x0000018f5e345910 code [0x0000018f5e345b60, 0x0000018f5e346550]
Event: 235.206 Thread 0x0000018f75192680 9483       3       org.eclipse.jdt.internal.compiler.lookup.MethodBinding::original (2 bytes)
Event: 235.206 Thread 0x0000018f75192680 nmethod 9483 0x0000018f5e346890 code [0x0000018f5e346a20, 0x0000018f5e346b30]
Event: 235.206 Thread 0x0000018f75192680 9482       3       org.eclipse.core.internal.events.ResourceDelta::getResource (103 bytes)
Event: 235.209 Thread 0x0000018f75192680 nmethod 9482 0x0000018f5e346c10 code [0x0000018f5e346fc0, 0x0000018f5e348608]
Event: 235.211 Thread 0x0000018f75192680 9484       3       org.eclipse.jdt.core.Signature::getSimpleNames (183 bytes)
Event: 235.212 Thread 0x0000018f75192680 nmethod 9484 0x0000018f5e348e90 code [0x0000018f5e3490c0, 0x0000018f5e349bb8]
Event: 235.223 Thread 0x0000018f75192680 9486       3       org.eclipse.jdt.internal.core.SourceRefElement::equals (40 bytes)
Event: 235.224 Thread 0x0000018f75192680 nmethod 9486 0x0000018f5e349f10 code [0x0000018f5e34a0e0, 0x0000018f5e34a518]
Event: 235.227 Thread 0x0000018f75192680 9487       3       org.eclipse.jdt.internal.compiler.lookup.Scope::classScope (25 bytes)
Event: 235.227 Thread 0x0000018f75192680 nmethod 9487 0x0000018f5e34a610 code [0x0000018f5e34a7e0, 0x0000018f5e34abe8]
Event: 235.228 Thread 0x0000018f75192680 9488       3       org.eclipse.jdt.internal.compiler.lookup.LookupEnvironment::getResolvedType (80 bytes)
Event: 235.230 Thread 0x0000018f75192680 nmethod 9488 0x0000018f5e34ad10 code [0x0000018f5e34af20, 0x0000018f5e34b3c8]

GC Heap History (20 events):
Event: 46.171 GC heap before
{Heap before GC invocations=30 (full 2):
 PSYoungGen      total 24064K, used 23724K [0x00000007aab00000, 0x00000007ac680000, 0x0000000800000000)
  eden space 19968K, 100% used [0x00000007aab00000,0x00000007abe80000,0x00000007abe80000)
  from space 4096K, 91% used [0x00000007abe80000,0x00000007ac22b2f0,0x00000007ac280000)
  to   space 4096K, 0% used [0x00000007ac280000,0x00000007ac280000,0x00000007ac680000)
 ParOldGen       total 68608K, used 39766K [0x0000000700000000, 0x0000000704300000, 0x00000007aab00000)
  object space 68608K, 57% used [0x0000000700000000,0x00000007026d5958,0x0000000704300000)
 Metaspace       used 51234K, committed 52480K, reserved 1114112K
  class space    used 5565K, committed 6080K, reserved 1048576K
}
Event: 46.177 GC heap after
{Heap after GC invocations=30 (full 2):
 PSYoungGen      total 20992K, used 854K [0x00000007aab00000, 0x00000007ac380000, 0x0000000800000000)
  eden space 19968K, 0% used [0x00000007aab00000,0x00000007aab00000,0x00000007abe80000)
  from space 1024K, 83% used [0x00000007ac280000,0x00000007ac3559c0,0x00000007ac380000)
  to   space 2048K, 0% used [0x00000007abf80000,0x00000007abf80000,0x00000007ac180000)
 ParOldGen       total 68608K, used 43060K [0x0000000700000000, 0x0000000704300000, 0x00000007aab00000)
  object space 68608K, 62% used [0x0000000700000000,0x0000000702a0d3c8,0x0000000704300000)
 Metaspace       used 51234K, committed 52480K, reserved 1114112K
  class space    used 5565K, committed 6080K, reserved 1048576K
}
Event: 46.533 GC heap before
{Heap before GC invocations=31 (full 2):
 PSYoungGen      total 20992K, used 20822K [0x00000007aab00000, 0x00000007ac380000, 0x0000000800000000)
  eden space 19968K, 100% used [0x00000007aab00000,0x00000007abe80000,0x00000007abe80000)
  from space 1024K, 83% used [0x00000007ac280000,0x00000007ac3559c0,0x00000007ac380000)
  to   space 2048K, 0% used [0x00000007abf80000,0x00000007abf80000,0x00000007ac180000)
 ParOldGen       total 68608K, used 43060K [0x0000000700000000, 0x0000000704300000, 0x00000007aab00000)
  object space 68608K, 62% used [0x0000000700000000,0x0000000702a0d3c8,0x0000000704300000)
 Metaspace       used 52115K, committed 53376K, reserved 1114112K
  class space    used 5649K, committed 6208K, reserved 1048576K
}
Event: 46.535 GC heap after
{Heap after GC invocations=31 (full 2):
 PSYoungGen      total 22016K, used 96K [0x00000007aab00000, 0x00000007ac300000, 0x0000000800000000)
  eden space 19968K, 0% used [0x00000007aab00000,0x00000007aab00000,0x00000007abe80000)
  from space 2048K, 4% used [0x00000007abf80000,0x00000007abf98000,0x00000007ac180000)
  to   space 1024K, 0% used [0x00000007ac200000,0x00000007ac200000,0x00000007ac300000)
 ParOldGen       total 68608K, used 43076K [0x0000000700000000, 0x0000000704300000, 0x00000007aab00000)
  object space 68608K, 62% used [0x0000000700000000,0x0000000702a113c8,0x0000000704300000)
 Metaspace       used 52115K, committed 53376K, reserved 1114112K
  class space    used 5649K, committed 6208K, reserved 1048576K
}
Event: 47.121 GC heap before
{Heap before GC invocations=32 (full 2):
 PSYoungGen      total 22016K, used 20064K [0x00000007aab00000, 0x00000007ac300000, 0x0000000800000000)
  eden space 19968K, 100% used [0x00000007aab00000,0x00000007abe80000,0x00000007abe80000)
  from space 2048K, 4% used [0x00000007abf80000,0x00000007abf98000,0x00000007ac180000)
  to   space 1024K, 0% used [0x00000007ac200000,0x00000007ac200000,0x00000007ac300000)
 ParOldGen       total 68608K, used 43076K [0x0000000700000000, 0x0000000704300000, 0x00000007aab00000)
  object space 68608K, 62% used [0x0000000700000000,0x0000000702a113c8,0x0000000704300000)
 Metaspace       used 54180K, committed 55424K, reserved 1114112K
  class space    used 5805K, committed 6336K, reserved 1048576K
}
Event: 47.123 GC heap after
{Heap after GC invocations=32 (full 2):
 PSYoungGen      total 20480K, used 416K [0x00000007aab00000, 0x00000007ac280000, 0x0000000800000000)
  eden space 19968K, 0% used [0x00000007aab00000,0x00000007aab00000,0x00000007abe80000)
  from space 512K, 81% used [0x00000007ac200000,0x00000007ac268000,0x00000007ac280000)
  to   space 512K, 0% used [0x00000007ac180000,0x00000007ac180000,0x00000007ac200000)
 ParOldGen       total 68608K, used 43132K [0x0000000700000000, 0x0000000704300000, 0x00000007aab00000)
  object space 68608K, 62% used [0x0000000700000000,0x0000000702a1f3c8,0x0000000704300000)
 Metaspace       used 54180K, committed 55424K, reserved 1114112K
  class space    used 5805K, committed 6336K, reserved 1048576K
}
Event: 49.961 GC heap before
{Heap before GC invocations=33 (full 2):
 PSYoungGen      total 20480K, used 20384K [0x00000007aab00000, 0x00000007ac280000, 0x0000000800000000)
  eden space 19968K, 100% used [0x00000007aab00000,0x00000007abe80000,0x00000007abe80000)
  from space 512K, 81% used [0x00000007ac200000,0x00000007ac268000,0x00000007ac280000)
  to   space 512K, 0% used [0x00000007ac180000,0x00000007ac180000,0x00000007ac200000)
 ParOldGen       total 68608K, used 43132K [0x0000000700000000, 0x0000000704300000, 0x00000007aab00000)
  object space 68608K, 62% used [0x0000000700000000,0x0000000702a1f3c8,0x0000000704300000)
 Metaspace       used 56216K, committed 57472K, reserved 1114112K
  class space    used 6044K, committed 6592K, reserved 1048576K
}
Event: 49.972 GC heap after
{Heap after GC invocations=33 (full 2):
 PSYoungGen      total 20480K, used 480K [0x00000007aab00000, 0x00000007ac280000, 0x0000000800000000)
  eden space 19968K, 0% used [0x00000007aab00000,0x00000007aab00000,0x00000007abe80000)
  from space 512K, 93% used [0x00000007ac180000,0x00000007ac1f8180,0x00000007ac200000)
  to   space 512K, 0% used [0x00000007ac200000,0x00000007ac200000,0x00000007ac280000)
 ParOldGen       total 68608K, used 44093K [0x0000000700000000, 0x0000000704300000, 0x00000007aab00000)
  object space 68608K, 64% used [0x0000000700000000,0x0000000702b0f6d0,0x0000000704300000)
 Metaspace       used 56216K, committed 57472K, reserved 1114112K
  class space    used 6044K, committed 6592K, reserved 1048576K
}
Event: 52.838 GC heap before
{Heap before GC invocations=34 (full 2):
 PSYoungGen      total 20480K, used 17437K [0x00000007aab00000, 0x00000007ac280000, 0x0000000800000000)
  eden space 19968K, 84% used [0x00000007aab00000,0x00000007abb8f2b8,0x00000007abe80000)
  from space 512K, 93% used [0x00000007ac180000,0x00000007ac1f8180,0x00000007ac200000)
  to   space 512K, 0% used [0x00000007ac200000,0x00000007ac200000,0x00000007ac280000)
 ParOldGen       total 68608K, used 44093K [0x0000000700000000, 0x0000000704300000, 0x00000007aab00000)
  object space 68608K, 64% used [0x0000000700000000,0x0000000702b0f6d0,0x0000000704300000)
 Metaspace       used 58536K, committed 59776K, reserved 1114112K
  class space    used 6280K, committed 6784K, reserved 1048576K
}
Event: 52.858 GC heap after
{Heap after GC invocations=34 (full 2):
 PSYoungGen      total 20480K, used 496K [0x00000007aab00000, 0x00000007ac280000, 0x0000000800000000)
  eden space 19968K, 0% used [0x00000007aab00000,0x00000007aab00000,0x00000007abe80000)
  from space 512K, 96% used [0x00000007ac200000,0x00000007ac27c038,0x00000007ac280000)
  to   space 1536K, 0% used [0x00000007abf80000,0x00000007abf80000,0x00000007ac100000)
 ParOldGen       total 68608K, used 44847K [0x0000000700000000, 0x0000000704300000, 0x00000007aab00000)
  object space 68608K, 65% used [0x0000000700000000,0x0000000702bcbdb0,0x0000000704300000)
 Metaspace       used 58536K, committed 59776K, reserved 1114112K
  class space    used 6280K, committed 6784K, reserved 1048576K
}
Event: 52.859 GC heap before
{Heap before GC invocations=35 (full 3):
 PSYoungGen      total 20480K, used 496K [0x00000007aab00000, 0x00000007ac280000, 0x0000000800000000)
  eden space 19968K, 0% used [0x00000007aab00000,0x00000007aab00000,0x00000007abe80000)
  from space 512K, 96% used [0x00000007ac200000,0x00000007ac27c038,0x00000007ac280000)
  to   space 1536K, 0% used [0x00000007abf80000,0x00000007abf80000,0x00000007ac100000)
 ParOldGen       total 68608K, used 44847K [0x0000000700000000, 0x0000000704300000, 0x00000007aab00000)
  object space 68608K, 65% used [0x0000000700000000,0x0000000702bcbdb0,0x0000000704300000)
 Metaspace       used 58536K, committed 59776K, reserved 1114112K
  class space    used 6280K, committed 6784K, reserved 1048576K
}
Event: 54.221 GC heap after
{Heap after GC invocations=35 (full 3):
 PSYoungGen      total 20480K, used 0K [0x00000007aab00000, 0x00000007ac280000, 0x0000000800000000)
  eden space 19968K, 0% used [0x00000007aab00000,0x00000007aab00000,0x00000007abe80000)
  from space 512K, 0% used [0x00000007ac200000,0x00000007ac200000,0x00000007ac280000)
  to   space 1536K, 0% used [0x00000007abf80000,0x00000007abf80000,0x00000007ac100000)
 ParOldGen       total 68608K, used 41641K [0x0000000700000000, 0x0000000704300000, 0x00000007aab00000)
  object space 68608K, 60% used [0x0000000700000000,0x00000007028aa6e0,0x0000000704300000)
 Metaspace       used 58534K, committed 59776K, reserved 1114112K
  class space    used 6280K, committed 6784K, reserved 1048576K
}
Event: 55.372 GC heap before
{Heap before GC invocations=36 (full 3):
 PSYoungGen      total 20480K, used 19968K [0x00000007aab00000, 0x00000007ac280000, 0x0000000800000000)
  eden space 19968K, 100% used [0x00000007aab00000,0x00000007abe80000,0x00000007abe80000)
  from space 512K, 0% used [0x00000007ac200000,0x00000007ac200000,0x00000007ac280000)
  to   space 1536K, 0% used [0x00000007abf80000,0x00000007abf80000,0x00000007ac100000)
 ParOldGen       total 68608K, used 41641K [0x0000000700000000, 0x0000000704300000, 0x00000007aab00000)
  object space 68608K, 60% used [0x0000000700000000,0x00000007028aa6e0,0x0000000704300000)
 Metaspace       used 60232K, committed 61568K, reserved 1114112K
  class space    used 6438K, committed 6976K, reserved 1048576K
}
Event: 55.378 GC heap after
{Heap after GC invocations=36 (full 3):
 PSYoungGen      total 21504K, used 1515K [0x00000007aab00000, 0x00000007ac280000, 0x0000000800000000)
  eden space 19968K, 0% used [0x00000007aab00000,0x00000007aab00000,0x00000007abe80000)
  from space 1536K, 98% used [0x00000007abf80000,0x00000007ac0fae88,0x00000007ac100000)
  to   space 1536K, 0% used [0x00000007ac100000,0x00000007ac100000,0x00000007ac280000)
 ParOldGen       total 68608K, used 41657K [0x0000000700000000, 0x0000000704300000, 0x00000007aab00000)
  object space 68608K, 60% used [0x0000000700000000,0x00000007028ae6e0,0x0000000704300000)
 Metaspace       used 60232K, committed 61568K, reserved 1114112K
  class space    used 6438K, committed 6976K, reserved 1048576K
}
Event: 58.285 GC heap before
{Heap before GC invocations=37 (full 3):
 PSYoungGen      total 21504K, used 21475K [0x00000007aab00000, 0x00000007ac280000, 0x0000000800000000)
  eden space 19968K, 99% used [0x00000007aab00000,0x00000007abe7df40,0x00000007abe80000)
  from space 1536K, 98% used [0x00000007abf80000,0x00000007ac0fae88,0x00000007ac100000)
  to   space 1536K, 0% used [0x00000007ac100000,0x00000007ac100000,0x00000007ac280000)
 ParOldGen       total 68608K, used 41657K [0x0000000700000000, 0x0000000704300000, 0x00000007aab00000)
  object space 68608K, 60% used [0x0000000700000000,0x00000007028ae6e0,0x0000000704300000)
 Metaspace       used 61528K, committed 62912K, reserved 1114112K
  class space    used 6528K, committed 7104K, reserved 1048576K
}
Event: 58.303 GC heap after
{Heap after GC invocations=37 (full 3):
 PSYoungGen      total 21504K, used 1372K [0x00000007aab00000, 0x00000007ac280000, 0x0000000800000000)
  eden space 19968K, 0% used [0x00000007aab00000,0x00000007aab00000,0x00000007abe80000)
  from space 1536K, 89% used [0x00000007ac100000,0x00000007ac257360,0x00000007ac280000)
  to   space 1536K, 0% used [0x00000007abf80000,0x00000007abf80000,0x00000007ac100000)
 ParOldGen       total 68608K, used 43073K [0x0000000700000000, 0x0000000704300000, 0x00000007aab00000)
  object space 68608K, 62% used [0x0000000700000000,0x0000000702a105a0,0x0000000704300000)
 Metaspace       used 61528K, committed 62912K, reserved 1114112K
  class space    used 6528K, committed 7104K, reserved 1048576K
}
Event: 59.219 GC heap before
{Heap before GC invocations=38 (full 3):
 PSYoungGen      total 21504K, used 21256K [0x00000007aab00000, 0x00000007ac280000, 0x0000000800000000)
  eden space 19968K, 99% used [0x00000007aab00000,0x00000007abe6af30,0x00000007abe80000)
  from space 1536K, 89% used [0x00000007ac100000,0x00000007ac257360,0x00000007ac280000)
  to   space 1536K, 0% used [0x00000007abf80000,0x00000007abf80000,0x00000007ac100000)
 ParOldGen       total 68608K, used 43073K [0x0000000700000000, 0x0000000704300000, 0x00000007aab00000)
  object space 68608K, 62% used [0x0000000700000000,0x0000000702a105a0,0x0000000704300000)
 Metaspace       used 62957K, committed 64320K, reserved 1114112K
  class space    used 6681K, committed 7296K, reserved 1048576K
}
Event: 59.233 GC heap after
{Heap after GC invocations=38 (full 3):
 PSYoungGen      total 21504K, used 1504K [0x00000007aab00000, 0x00000007acb80000, 0x0000000800000000)
  eden space 19968K, 0% used [0x00000007aab00000,0x00000007aab00000,0x00000007abe80000)
  from space 1536K, 97% used [0x00000007abf80000,0x00000007ac0f8290,0x00000007ac100000)
  to   space 6656K, 0% used [0x00000007ac500000,0x00000007ac500000,0x00000007acb80000)
 ParOldGen       total 68608K, used 47418K [0x0000000700000000, 0x0000000704300000, 0x00000007aab00000)
  object space 68608K, 69% used [0x0000000700000000,0x0000000702e4eaa8,0x0000000704300000)
 Metaspace       used 62957K, committed 64320K, reserved 1114112K
  class space    used 6681K, committed 7296K, reserved 1048576K
}
Event: 228.253 GC heap before
{Heap before GC invocations=39 (full 3):
 PSYoungGen      total 21504K, used 21472K [0x00000007aab00000, 0x00000007acb80000, 0x0000000800000000)
  eden space 19968K, 100% used [0x00000007aab00000,0x00000007abe80000,0x00000007abe80000)
  from space 1536K, 97% used [0x00000007abf80000,0x00000007ac0f8290,0x00000007ac100000)
  to   space 6656K, 0% used [0x00000007ac500000,0x00000007ac500000,0x00000007acb80000)
 ParOldGen       total 68608K, used 47418K [0x0000000700000000, 0x0000000704300000, 0x00000007aab00000)
  object space 68608K, 69% used [0x0000000700000000,0x0000000702e4eaa8,0x0000000704300000)
 Metaspace       used 63655K, committed 65024K, reserved 1114112K
  class space    used 6739K, committed 7296K, reserved 1048576K
}
Event: 228.367 GC heap after
{Heap after GC invocations=39 (full 3):
 PSYoungGen      total 21504K, used 1119K [0x00000007aab00000, 0x00000007ac680000, 0x0000000800000000)
  eden space 19968K, 0% used [0x00000007aab00000,0x00000007aab00000,0x00000007abe80000)
  from space 1536K, 72% used [0x00000007ac500000,0x00000007ac617c18,0x00000007ac680000)
  to   space 3072K, 0% used [0x00000007ac080000,0x00000007ac080000,0x00000007ac380000)
 ParOldGen       total 68608K, used 48837K [0x0000000700000000, 0x0000000704300000, 0x00000007aab00000)
  object space 68608K, 71% used [0x0000000700000000,0x0000000702fb17b0,0x0000000704300000)
 Metaspace       used 63655K, committed 65024K, reserved 1114112K
  class space    used 6739K, committed 7296K, reserved 1048576K
}

Dll operation events (20 events):
Event: 0.047 Attempting to load shared library c:\Users\PC\.vscode\extensions\redhat.java-1.56.0-win32-x64\jre\21.0.12.1-win32-x86_64\bin\java.dll
Event: 0.047 Loaded shared library c:\Users\PC\.vscode\extensions\redhat.java-1.56.0-win32-x64\jre\21.0.12.1-win32-x86_64\bin\java.dll
Event: 0.653 Attempting to load shared library c:\Users\PC\.vscode\extensions\redhat.java-1.56.0-win32-x64\jre\21.0.12.1-win32-x86_64\bin\zip.dll
Event: 0.654 Loaded shared library c:\Users\PC\.vscode\extensions\redhat.java-1.56.0-win32-x64\jre\21.0.12.1-win32-x86_64\bin\zip.dll
Event: 0.757 Attempting to load shared library C:\Users\PC\.vscode\extensions\redhat.java-1.56.0-win32-x64\jre\21.0.12.1-win32-x86_64\bin\instrument.dll
Event: 0.757 Loaded shared library C:\Users\PC\.vscode\extensions\redhat.java-1.56.0-win32-x64\jre\21.0.12.1-win32-x86_64\bin\instrument.dll
Event: 0.767 Attempting to load shared library C:\Users\PC\.vscode\extensions\redhat.java-1.56.0-win32-x64\jre\21.0.12.1-win32-x86_64\bin\net.dll
Event: 0.769 Loaded shared library C:\Users\PC\.vscode\extensions\redhat.java-1.56.0-win32-x64\jre\21.0.12.1-win32-x86_64\bin\net.dll
Event: 0.772 Attempting to load shared library C:\Users\PC\.vscode\extensions\redhat.java-1.56.0-win32-x64\jre\21.0.12.1-win32-x86_64\bin\nio.dll
Event: 0.773 Loaded shared library C:\Users\PC\.vscode\extensions\redhat.java-1.56.0-win32-x64\jre\21.0.12.1-win32-x86_64\bin\nio.dll
Event: 0.784 Attempting to load shared library C:\Users\PC\.vscode\extensions\redhat.java-1.56.0-win32-x64\jre\21.0.12.1-win32-x86_64\bin\zip.dll
Event: 0.784 Loaded shared library C:\Users\PC\.vscode\extensions\redhat.java-1.56.0-win32-x64\jre\21.0.12.1-win32-x86_64\bin\zip.dll
Event: 0.987 Attempting to load shared library C:\Users\PC\.vscode\extensions\redhat.java-1.56.0-win32-x64\jre\21.0.12.1-win32-x86_64\bin\jimage.dll
Event: 0.987 Loaded shared library C:\Users\PC\.vscode\extensions\redhat.java-1.56.0-win32-x64\jre\21.0.12.1-win32-x86_64\bin\jimage.dll
Event: 1.333 Attempting to load shared library c:\Users\PC\.vscode\extensions\redhat.java-1.56.0-win32-x64\jre\21.0.12.1-win32-x86_64\bin\verify.dll
Event: 1.335 Loaded shared library c:\Users\PC\.vscode\extensions\redhat.java-1.56.0-win32-x64\jre\21.0.12.1-win32-x86_64\bin\verify.dll
Event: 7.083 Attempting to load shared library C:\Users\PC\AppData\Roaming\Code\User\globalStorage\redhat.java\1.56.0\config_win\org.eclipse.equinox.launcher\org.eclipse.equinox.launcher.win32.win32.x86_64_1.3.100.v20260804-1928\eclipse_11924.dll
Event: 7.111 Loaded shared library C:\Users\PC\AppData\Roaming\Code\User\globalStorage\redhat.java\1.56.0\config_win\org.eclipse.equinox.launcher\org.eclipse.equinox.launcher.win32.win32.x86_64_1.3.100.v20260804-1928\eclipse_11924.dll
Event: 17.110 Attempting to load shared library C:\Users\PC\AppData\Local\Temp\jna-2547\jna10272685874224759998.dll
Event: 17.116 Loaded shared library C:\Users\PC\AppData\Local\Temp\jna-2547\jna10272685874224759998.dll

Deoptimization events (20 events):
Event: 234.252 Thread 0x0000018f7a972c60 Uncommon trap: trap_request=0xffffffde fr.pc=0x0000018f64f98178 relative=0x0000000000000dd8
Event: 234.252 Thread 0x0000018f7a972c60 Uncommon trap: reason=class_check action=maybe_recompile pc=0x0000018f64f98178 method=org.eclipse.core.internal.dtree.DeltaDataTree.lookup(Lorg/eclipse/core/runtime/IPath;)Lorg/eclipse/core/internal/dtree/DataTreeLookup; @ 66 c2
Event: 234.252 Thread 0x0000018f7a972c60 DEOPT PACKING pc=0x0000018f64f98178 sp=0x0000000b8bdfe300
Event: 234.252 Thread 0x0000018f7a972c60 DEOPT UNPACKING pc=0x0000018f64563a9c sp=0x0000000b8bdfe1d0 mode 2
Event: 234.256 Thread 0x0000018f7a972c60 Uncommon trap: trap_request=0xffffffde fr.pc=0x0000018f64f98178 relative=0x0000000000000dd8
Event: 234.256 Thread 0x0000018f7a972c60 Uncommon trap: reason=class_check action=maybe_recompile pc=0x0000018f64f98178 method=org.eclipse.core.internal.dtree.DeltaDataTree.lookup(Lorg/eclipse/core/runtime/IPath;)Lorg/eclipse/core/internal/dtree/DataTreeLookup; @ 66 c2
Event: 234.256 Thread 0x0000018f7a972c60 DEOPT PACKING pc=0x0000018f64f98178 sp=0x0000000b8bdfe5b0
Event: 234.257 Thread 0x0000018f7a972c60 DEOPT UNPACKING pc=0x0000018f64563a9c sp=0x0000000b8bdfe480 mode 2
Event: 234.260 Thread 0x0000018f7a972c60 Uncommon trap: trap_request=0xffffffde fr.pc=0x0000018f64f98178 relative=0x0000000000000dd8
Event: 234.260 Thread 0x0000018f7a972c60 Uncommon trap: reason=class_check action=maybe_recompile pc=0x0000018f64f98178 method=org.eclipse.core.internal.dtree.DeltaDataTree.lookup(Lorg/eclipse/core/runtime/IPath;)Lorg/eclipse/core/internal/dtree/DataTreeLookup; @ 66 c2
Event: 234.260 Thread 0x0000018f7a972c60 DEOPT PACKING pc=0x0000018f64f98178 sp=0x0000000b8bdfe550
Event: 234.260 Thread 0x0000018f7a972c60 DEOPT UNPACKING pc=0x0000018f64563a9c sp=0x0000000b8bdfe420 mode 2
Event: 234.260 Thread 0x0000018f7a972c60 Uncommon trap: trap_request=0xffffffde fr.pc=0x0000018f64f98178 relative=0x0000000000000dd8
Event: 234.260 Thread 0x0000018f7a972c60 Uncommon trap: reason=class_check action=maybe_recompile pc=0x0000018f64f98178 method=org.eclipse.core.internal.dtree.DeltaDataTree.lookup(Lorg/eclipse/core/runtime/IPath;)Lorg/eclipse/core/internal/dtree/DataTreeLookup; @ 66 c2
Event: 234.260 Thread 0x0000018f7a972c60 DEOPT PACKING pc=0x0000018f64f98178 sp=0x0000000b8bdfe0e0
Event: 234.260 Thread 0x0000018f7a972c60 DEOPT UNPACKING pc=0x0000018f64563a9c sp=0x0000000b8bdfdfb0 mode 2
Event: 234.260 Thread 0x0000018f7a972c60 Uncommon trap: trap_request=0xffffffde fr.pc=0x0000018f64f9a04c relative=0x000000000000092c
Event: 234.260 Thread 0x0000018f7a972c60 Uncommon trap: reason=class_check action=maybe_recompile pc=0x0000018f64f9a04c method=org.eclipse.core.internal.dtree.DeltaDataTree.lookup(Lorg/eclipse/core/runtime/IPath;)Lorg/eclipse/core/internal/dtree/DataTreeLookup; @ 66 c2
Event: 234.260 Thread 0x0000018f7a972c60 DEOPT PACKING pc=0x0000018f64f9a04c sp=0x0000000b8bdfdf70
Event: 234.261 Thread 0x0000018f7a972c60 DEOPT UNPACKING pc=0x0000018f64563a9c sp=0x0000000b8bdfded0 mode 2

Classes loaded (20 events):
Event: 58.189 Loading class java/util/Hashtable$KeySet
Event: 58.200 Loading class java/util/Hashtable$KeySet done
Event: 58.209 Loading class jdk/internal/ref/CleanerImpl$InnocuousThreadFactory
Event: 58.210 Loading class jdk/internal/ref/CleanerImpl$InnocuousThreadFactory done
Event: 58.485 Loading class java/util/stream/ReduceOps$5
Event: 58.485 Loading class java/util/stream/ReduceOps$5 done
Event: 58.485 Loading class java/util/stream/ReduceOps$CountingSink$OfRef
Event: 58.486 Loading class java/util/stream/ReduceOps$CountingSink
Event: 58.487 Loading class java/util/stream/ReduceOps$CountingSink done
Event: 58.487 Loading class java/util/stream/ReduceOps$CountingSink$OfRef done
Event: 58.590 Loading class java/util/stream/ReduceOps$1
Event: 58.591 Loading class java/util/stream/ReduceOps$1 done
Event: 58.591 Loading class java/util/stream/ReduceOps$1ReducingSink
Event: 58.591 Loading class java/util/stream/ReduceOps$1ReducingSink done
Event: 234.471 Loading class java/util/stream/DistinctOps
Event: 234.499 Loading class java/util/stream/DistinctOps done
Event: 234.499 Loading class java/util/stream/DistinctOps$1
Event: 234.712 Loading class java/util/stream/DistinctOps$1 done
Event: 234.897 Loading class java/util/stream/DistinctOps$1$2
Event: 234.914 Loading class java/util/stream/DistinctOps$1$2 done

Classes unloaded (15 events):
Event: 20.882 Thread 0x0000018f59e8acd0 Unloading class 0x0000018f011ad400 'java/lang/invoke/LambdaForm$MH+0x0000018f011ad400'
Event: 20.882 Thread 0x0000018f59e8acd0 Unloading class 0x0000018f011ad000 'java/lang/invoke/LambdaForm$MH+0x0000018f011ad000'
Event: 20.882 Thread 0x0000018f59e8acd0 Unloading class 0x0000018f011acc00 'java/lang/invoke/LambdaForm$MH+0x0000018f011acc00'
Event: 20.882 Thread 0x0000018f59e8acd0 Unloading class 0x0000018f011ac800 'java/lang/invoke/LambdaForm$MH+0x0000018f011ac800'
Event: 20.882 Thread 0x0000018f59e8acd0 Unloading class 0x0000018f011ac400 'java/lang/invoke/LambdaForm$BMH+0x0000018f011ac400'
Event: 20.882 Thread 0x0000018f59e8acd0 Unloading class 0x0000018f011ac000 'java/lang/invoke/LambdaForm$DMH+0x0000018f011ac000'
Event: 20.882 Thread 0x0000018f59e8acd0 Unloading class 0x0000018f011aac00 'java/lang/invoke/LambdaForm$DMH+0x0000018f011aac00'
Event: 25.668 Thread 0x0000018f59e8acd0 Unloading class 0x0000018f012a9400 'java/lang/invoke/LambdaForm$MH+0x0000018f012a9400'
Event: 25.668 Thread 0x0000018f59e8acd0 Unloading class 0x0000018f012a3000 'java/lang/invoke/LambdaForm$MH+0x0000018f012a3000'
Event: 25.668 Thread 0x0000018f59e8acd0 Unloading class 0x0000018f012a2800 'java/lang/invoke/LambdaForm$MH+0x0000018f012a2800'
Event: 25.668 Thread 0x0000018f59e8acd0 Unloading class 0x0000018f012a2000 'java/lang/invoke/LambdaForm$MH+0x0000018f012a2000'
Event: 25.668 Thread 0x0000018f59e8acd0 Unloading class 0x0000018f012a1400 'java/lang/invoke/LambdaForm$MH+0x0000018f012a1400'
Event: 25.668 Thread 0x0000018f59e8acd0 Unloading class 0x0000018f012a0c00 'java/lang/invoke/LambdaForm$MH+0x0000018f012a0c00'
Event: 25.668 Thread 0x0000018f59e8acd0 Unloading class 0x0000018f012a0000 'java/lang/invoke/LambdaForm$DMH+0x0000018f012a0000'
Event: 53.132 Thread 0x0000018f59e8acd0 Unloading class 0x0000018f016bc400 'java/lang/invoke/LambdaForm$MH+0x0000018f016bc400'

Classes redefined (0 events):
No events

Internal exceptions (20 events):
Event: 59.715 Thread 0x0000018f7c346e00 Exception <a 'java/lang/ArrayIndexOutOfBoundsException'{0x00000007ab113950}> (0x00000007ab113950) 
thrown [s\src\hotspot\share\runtime\sharedRuntime.cpp, line 625]
Event: 59.715 Thread 0x0000018f7c346e00 Exception <a 'java/lang/ArrayIndexOutOfBoundsException'{0x00000007ab113c78}> (0x00000007ab113c78) 
thrown [s\src\hotspot\share\runtime\sharedRuntime.cpp, line 625]
Event: 59.715 Thread 0x0000018f7c346e00 Exception <a 'java/lang/ArrayIndexOutOfBoundsException'{0x00000007ab113fa0}> (0x00000007ab113fa0) 
thrown [s\src\hotspot\share\runtime\sharedRuntime.cpp, line 625]
Event: 59.715 Thread 0x0000018f7c346e00 Exception <a 'java/lang/ArrayIndexOutOfBoundsException'{0x00000007ab1142c8}> (0x00000007ab1142c8) 
thrown [s\src\hotspot\share\runtime\sharedRuntime.cpp, line 625]
Event: 59.715 Thread 0x0000018f7c346e00 Exception <a 'java/lang/ArrayIndexOutOfBoundsException'{0x00000007ab1145f0}> (0x00000007ab1145f0) 
thrown [s\src\hotspot\share\runtime\sharedRuntime.cpp, line 625]
Event: 59.715 Thread 0x0000018f7c346e00 Exception <a 'java/lang/ArrayIndexOutOfBoundsException'{0x00000007ab114918}> (0x00000007ab114918) 
thrown [s\src\hotspot\share\runtime\sharedRuntime.cpp, line 625]
Event: 62.820 Thread 0x0000018f7b89dd90 Exception <a 'java/lang/IncompatibleClassChangeError'{0x00000007ab662150}: Found class java.lang.Object, but interface was expected> (0x00000007ab662150) 
thrown [s\src\hotspot\share\interpreter\linkResolver.cpp, line 840]
Event: 62.854 Thread 0x0000018f7c346e00 Exception <a 'java/lang/ArrayIndexOutOfBoundsException'{0x00000007ab6ac8c8}> (0x00000007ab6ac8c8) 
thrown [s\src\hotspot\share\runtime\sharedRuntime.cpp, line 625]
Event: 74.008 Thread 0x0000018f7b89dd90 Exception <a 'sun/nio/fs/WindowsException'{0x00000007ab9ab460}> (0x00000007ab9ab460) 
thrown [s\src\hotspot\share\prims\jni.cpp, line 520]
Event: 74.010 Thread 0x0000018f7b89dd90 Exception <a 'sun/nio/fs/WindowsException'{0x00000007ab9abba0}> (0x00000007ab9abba0) 
thrown [s\src\hotspot\share\prims\jni.cpp, line 520]
Event: 74.013 Thread 0x0000018f7b89dd90 Exception <a 'sun/nio/fs/WindowsException'{0x00000007ab9aca48}> (0x00000007ab9aca48) 
thrown [s\src\hotspot\share\prims\jni.cpp, line 520]
Event: 74.015 Thread 0x0000018f7b89dd90 Exception <a 'sun/nio/fs/WindowsException'{0x00000007ab9ad188}> (0x00000007ab9ad188) 
thrown [s\src\hotspot\share\prims\jni.cpp, line 520]
Event: 82.946 Thread 0x0000018f7c346e00 Exception <a 'java/lang/ArrayIndexOutOfBoundsException'{0x00000007aba22368}> (0x00000007aba22368) 
thrown [s\src\hotspot\share\runtime\sharedRuntime.cpp, line 625]
Event: 90.551 Thread 0x0000018f7c346e00 Exception <a 'java/lang/ArrayIndexOutOfBoundsException'{0x00000007aba31988}> (0x00000007aba31988) 
thrown [s\src\hotspot\share\runtime\sharedRuntime.cpp, line 625]
Event: 180.655 Thread 0x0000018f7b89dd90 Exception <a 'java/lang/IncompatibleClassChangeError'{0x00000007ab9daac8}: Found class java.lang.Object, but interface was expected> (0x00000007ab9daac8) 
thrown [s\src\hotspot\share\interpreter\linkResolver.cpp, line 840]
Event: 228.159 Thread 0x0000018f7c342c60 Exception <a 'java/lang/ArrayIndexOutOfBoundsException'{0x00000007abd609a0}> (0x00000007abd609a0) 
thrown [s\src\hotspot\share\runtime\sharedRuntime.cpp, line 625]
Event: 232.558 Thread 0x0000018f7c346770 Exception <a 'java/lang/ArrayIndexOutOfBoundsException'{0x00000007aad8c038}> (0x00000007aad8c038) 
thrown [s\src\hotspot\share\runtime\sharedRuntime.cpp, line 625]
Event: 233.108 Thread 0x0000018f7b89dd90 Exception <a 'java/lang/IncompatibleClassChangeError'{0x00000007aae5d338}: Found class java.lang.Object, but interface was expected> (0x00000007aae5d338) 
thrown [s\src\hotspot\share\interpreter\linkResolver.cpp, line 840]
Event: 233.113 Thread 0x0000018f7b89dd90 Exception <a 'java/lang/IncompatibleClassChangeError'{0x00000007ab039db0}: Found class java.lang.Object, but interface was expected> (0x00000007ab039db0) 
thrown [s\src\hotspot\share\interpreter\linkResolver.cpp, line 840]
Event: 234.206 Thread 0x0000018f7a971f40 Exception <a 'sun/nio/fs/WindowsException'{0x00000007ab253fe8}> (0x00000007ab253fe8) 
thrown [s\src\hotspot\share\prims\jni.cpp, line 520]

ZGC Phase Switch (0 events):
No events

VM Operations (20 events):
Event: 218.330 Executing safepoint VM operation: Cleanup
Event: 218.331 Executing safepoint VM operation: Cleanup done
Event: 224.362 Executing safepoint VM operation: Cleanup
Event: 224.378 Executing safepoint VM operation: Cleanup done
Event: 225.386 Executing safepoint VM operation: Cleanup
Event: 225.386 Executing safepoint VM operation: Cleanup done
Event: 226.387 Executing safepoint VM operation: Cleanup
Event: 226.412 Executing safepoint VM operation: Cleanup done
Event: 227.412 Executing safepoint VM operation: Cleanup
Event: 227.413 Executing safepoint VM operation: Cleanup done
Event: 228.253 Executing safepoint VM operation: ParallelGCFailedAllocation (Allocation Failure)
Event: 228.367 Executing safepoint VM operation: ParallelGCFailedAllocation (Allocation Failure) done
Event: 229.372 Executing safepoint VM operation: Cleanup
Event: 229.372 Executing safepoint VM operation: Cleanup done
Event: 232.393 Executing safepoint VM operation: Cleanup
Event: 232.393 Executing safepoint VM operation: Cleanup done
Event: 233.397 Executing safepoint VM operation: Cleanup
Event: 233.519 Executing safepoint VM operation: Cleanup done
Event: 234.519 Executing safepoint VM operation: Cleanup
Event: 234.892 Executing safepoint VM operation: Cleanup done

Memory protections (0 events):
No events

Nmethod flushes (20 events):
Event: 53.511 Thread 0x0000018f59e8acd0 flushing osr nmethod 0x0000018f5d895d90
Event: 53.511 Thread 0x0000018f59e8acd0 flushing  nmethod 0x0000018f5d898f90
Event: 53.511 Thread 0x0000018f59e8acd0 flushing  nmethod 0x0000018f5d899610
Event: 53.511 Thread 0x0000018f59e8acd0 flushing  nmethod 0x0000018f5d899a90
Event: 53.511 Thread 0x0000018f59e8acd0 flushing  nmethod 0x0000018f5d89a210
Event: 53.511 Thread 0x0000018f59e8acd0 flushing  nmethod 0x0000018f5d8ae310
Event: 53.511 Thread 0x0000018f59e8acd0 flushing  nmethod 0x0000018f5d8b1190
Event: 53.511 Thread 0x0000018f59e8acd0 flushing  nmethod 0x0000018f5d8b5610
Event: 53.511 Thread 0x0000018f59e8acd0 flushing  nmethod 0x0000018f5d8d0190
Event: 53.511 Thread 0x0000018f59e8acd0 flushing  nmethod 0x0000018f5d8f2810
Event: 53.511 Thread 0x0000018f59e8acd0 flushing  nmethod 0x0000018f5d904410
Event: 53.511 Thread 0x0000018f59e8acd0 flushing  nmethod 0x0000018f5d907990
Event: 53.511 Thread 0x0000018f59e8acd0 flushing  nmethod 0x0000018f5d937610
Event: 53.511 Thread 0x0000018f59e8acd0 flushing  nmethod 0x0000018f5d938e90
Event: 53.511 Thread 0x0000018f59e8acd0 flushing  nmethod 0x0000018f5d939490
Event: 53.511 Thread 0x0000018f59e8acd0 flushing  nmethod 0x0000018f5d939d10
Event: 53.511 Thread 0x0000018f59e8acd0 flushing  nmethod 0x0000018f5d93d290
Event: 53.511 Thread 0x0000018f59e8acd0 flushing  nmethod 0x0000018f5d93e010
Event: 53.512 Thread 0x0000018f59e8acd0 flushing  nmethod 0x0000018f5d957e10
Event: 53.512 Thread 0x0000018f59e8acd0 flushing  nmethod 0x0000018f5d958310

Events (20 events):
Event: 38.099 Thread 0x0000018f7d954060 Thread exited: 0x0000018f7d954060
Event: 38.999 Thread 0x0000018f7b89eab0 Thread added: 0x0000018f7c341f40
Event: 47.673 Thread 0x0000018f7c341f40 Thread exited: 0x0000018f7c341f40
Event: 51.104 Thread 0x0000018f7a96fe70 Thread added: 0x0000018f7c3460e0
Event: 51.651 Thread 0x0000018f7a96fe70 Thread added: 0x0000018f7c3453c0
Event: 51.976 Thread 0x0000018f7b89dd90 Thread added: 0x0000018f7c341f40
Event: 54.972 Thread 0x0000018f7b89dd90 Thread added: 0x0000018f7c346770
Event: 55.000 Thread 0x0000018f7b89dd90 Thread added: 0x0000018f7c346e00
Event: 55.506 Thread 0x0000018f7a970500 Thread added: 0x0000018f7c33fe70
Event: 58.212 Thread 0x0000018f7c346770 Thread added: 0x0000018f7c3418b0
Event: 117.432 Thread 0x0000018f7c3453c0 Thread exited: 0x0000018f7c3453c0
Event: 118.445 Thread 0x0000018f7a9718b0 Thread exited: 0x0000018f7a9718b0
Event: 118.474 Thread 0x0000018f7a96f7e0 Thread exited: 0x0000018f7a96f7e0
Event: 118.475 Thread 0x0000018f7b89eab0 Thread exited: 0x0000018f7b89eab0
Event: 118.530 Thread 0x0000018f7a96fe70 Thread exited: 0x0000018f7a96fe70
Event: 150.698 Thread 0x0000018f7c346e00 Thread exited: 0x0000018f7c346e00
Event: 226.805 Thread 0x0000018f7b89dd90 Thread added: 0x0000018f7c342c60
Event: 234.206 Thread 0x0000018f7a972c60 Thread added: 0x0000018f7c343980
Event: 234.216 Thread 0x0000018f7a970500 Thread added: 0x0000018f7c340500
Event: 234.894 Thread 0x0000018f7a970500 Thread added: 0x0000018f7c340b90


Dynamic libraries:
0x00007ff642780000 - 0x00007ff64278e000 	c:\Users\PC\.vscode\extensions\redhat.java-1.56.0-win32-x64\jre\21.0.12.1-win32-x86_64\bin\java.exe
0x00007ffca5a30000 - 0x00007ffca5c28000 	C:\Windows\SYSTEM32\ntdll.dll
0x00007ffca4b10000 - 0x00007ffca4bd2000 	C:\Windows\System32\KERNEL32.DLL
0x00007ffca3430000 - 0x00007ffca3726000 	C:\Windows\System32\KERNELBASE.dll
0x00007ffca3280000 - 0x00007ffca3380000 	C:\Windows\System32\ucrtbase.dll
0x00007ffc9f3e0000 - 0x00007ffc9f3f8000 	c:\Users\PC\.vscode\extensions\redhat.java-1.56.0-win32-x64\jre\21.0.12.1-win32-x86_64\bin\jli.dll
0x00007ffca4470000 - 0x00007ffca4611000 	C:\Windows\System32\USER32.dll
0x00007ffca31d0000 - 0x00007ffca31f2000 	C:\Windows\System32\win32u.dll
0x00007ffca3a50000 - 0x00007ffca3a7b000 	C:\Windows\System32\GDI32.dll
0x00007ffca3730000 - 0x00007ffca3849000 	C:\Windows\System32\gdi32full.dll
0x00007ffca3850000 - 0x00007ffca38ed000 	C:\Windows\System32\msvcp_win.dll
0x00007ffc9d0c0000 - 0x00007ffc9d0de000 	c:\Users\PC\.vscode\extensions\redhat.java-1.56.0-win32-x64\jre\21.0.12.1-win32-x86_64\bin\VCRUNTIME140.dll
0x00007ffc9c8a0000 - 0x00007ffc9cb3b000 	C:\Windows\WinSxS\amd64_microsoft.windows.common-controls_6595b64144ccf1df_6.0.19041.6456_none_60b8a6cb71f64256\COMCTL32.dll
0x00007ffca43d0000 - 0x00007ffca446e000 	C:\Windows\System32\msvcrt.dll
0x00007ffca4320000 - 0x00007ffca434f000 	C:\Windows\System32\IMM32.DLL
0x00007ffc9f3d0000 - 0x00007ffc9f3dc000 	c:\Users\PC\.vscode\extensions\redhat.java-1.56.0-win32-x64\jre\21.0.12.1-win32-x86_64\bin\vcruntime140_1.dll
0x00007ffc841e0000 - 0x00007ffc8426d000 	c:\Users\PC\.vscode\extensions\redhat.java-1.56.0-win32-x64\jre\21.0.12.1-win32-x86_64\bin\msvcp140.dll
0x00007ffc4f200000 - 0x00007ffc4ffa2000 	c:\Users\PC\.vscode\extensions\redhat.java-1.56.0-win32-x64\jre\21.0.12.1-win32-x86_64\bin\server\jvm.dll
0x00007ffca4be0000 - 0x00007ffca4c91000 	C:\Windows\System32\ADVAPI32.dll
0x00007ffca5950000 - 0x00007ffca59ef000 	C:\Windows\System32\sechost.dll
0x00007ffca3f90000 - 0x00007ffca40b0000 	C:\Windows\System32\RPCRT4.dll
0x00007ffca3200000 - 0x00007ffca3227000 	C:\Windows\System32\bcrypt.dll
0x00007ffca3a80000 - 0x00007ffca3aeb000 	C:\Windows\System32\WS2_32.dll
0x00007ffca2600000 - 0x00007ffca264b000 	C:\Windows\SYSTEM32\POWRPROF.dll
0x00007ffc9fdd0000 - 0x00007ffc9fdf7000 	C:\Windows\SYSTEM32\WINMM.dll
0x00007ffc93a70000 - 0x00007ffc93a7a000 	C:\Windows\SYSTEM32\VERSION.dll
0x00007ffca24c0000 - 0x00007ffca24d2000 	C:\Windows\SYSTEM32\UMPDC.dll
0x00007ffca0f30000 - 0x00007ffca0f42000 	C:\Windows\SYSTEM32\kernel.appcore.dll
0x00007ffc9f050000 - 0x00007ffc9f05a000 	c:\Users\PC\.vscode\extensions\redhat.java-1.56.0-win32-x64\jre\21.0.12.1-win32-x86_64\bin\jimage.dll
0x00007ffc93d80000 - 0x00007ffc93f81000 	C:\Windows\SYSTEM32\DBGHELP.DLL
0x00007ffc94980000 - 0x00007ffc949b4000 	C:\Windows\SYSTEM32\dbgcore.DLL
0x00007ffca3140000 - 0x00007ffca31c2000 	C:\Windows\System32\bcryptPrimitives.dll
0x00007ffc9da10000 - 0x00007ffc9da1f000 	c:\Users\PC\.vscode\extensions\redhat.java-1.56.0-win32-x64\jre\21.0.12.1-win32-x86_64\bin\instrument.dll
0x00007ffc98ed0000 - 0x00007ffc98ef0000 	c:\Users\PC\.vscode\extensions\redhat.java-1.56.0-win32-x64\jre\21.0.12.1-win32-x86_64\bin\java.dll
0x00007ffca4ca0000 - 0x00007ffca5410000 	C:\Windows\System32\SHELL32.dll
0x00007ffca1130000 - 0x00007ffca18d5000 	C:\Windows\SYSTEM32\windows.storage.dll
0x00007ffca4750000 - 0x00007ffca4aa4000 	C:\Windows\System32\combase.dll
0x00007ffca2af0000 - 0x00007ffca2b1b000 	C:\Windows\SYSTEM32\Wldp.dll
0x00007ffca5880000 - 0x00007ffca594d000 	C:\Windows\System32\OLEAUT32.dll
0x00007ffca3e80000 - 0x00007ffca3f2d000 	C:\Windows\System32\SHCORE.dll
0x00007ffca40c0000 - 0x00007ffca411b000 	C:\Windows\System32\shlwapi.dll
0x00007ffca2ff0000 - 0x00007ffca3014000 	C:\Windows\SYSTEM32\profapi.dll
0x00007ffc98eb0000 - 0x00007ffc98ec8000 	c:\Users\PC\.vscode\extensions\redhat.java-1.56.0-win32-x64\jre\21.0.12.1-win32-x86_64\bin\zip.dll
0x00007ffc9d970000 - 0x00007ffc9d980000 	C:\Users\PC\.vscode\extensions\redhat.java-1.56.0-win32-x64\jre\21.0.12.1-win32-x86_64\bin\net.dll
0x00007ffc9a5a0000 - 0x00007ffc9a6aa000 	C:\Windows\SYSTEM32\WINHTTP.dll
0x00007ffca2850000 - 0x00007ffca28ba000 	C:\Windows\system32\mswsock.dll
0x00007ffc97bc0000 - 0x00007ffc97bd6000 	C:\Users\PC\.vscode\extensions\redhat.java-1.56.0-win32-x64\jre\21.0.12.1-win32-x86_64\bin\nio.dll
0x00007ffc9d310000 - 0x00007ffc9d320000 	c:\Users\PC\.vscode\extensions\redhat.java-1.56.0-win32-x64\jre\21.0.12.1-win32-x86_64\bin\verify.dll
0x00007ffc84d70000 - 0x00007ffc84db5000 	C:\Users\PC\AppData\Roaming\Code\User\globalStorage\redhat.java\1.56.0\config_win\org.eclipse.equinox.launcher\org.eclipse.equinox.launcher.win32.win32.x86_64_1.3.100.v20260804-1928\eclipse_11924.dll
0x00007ffca3ca0000 - 0x00007ffca3dcb000 	C:\Windows\System32\ole32.dll
0x00007ffca2a50000 - 0x00007ffca2a68000 	C:\Windows\SYSTEM32\CRYPTSP.dll
0x00007ffca2090000 - 0x00007ffca20c8000 	C:\Windows\system32\rsaenh.dll
0x00007ffca2fb0000 - 0x00007ffca2fde000 	C:\Windows\SYSTEM32\USERENV.dll
0x00007ffca2a40000 - 0x00007ffca2a4c000 	C:\Windows\SYSTEM32\CRYPTBASE.dll
0x00007ffca24e0000 - 0x00007ffca251b000 	C:\Windows\SYSTEM32\IPHLPAPI.DLL
0x00007ffca42f0000 - 0x00007ffca42f8000 	C:\Windows\System32\NSI.dll
0x00007ffc819c0000 - 0x00007ffc81a09000 	C:\Users\PC\AppData\Local\Temp\jna-2547\jna10272685874224759998.dll
0x00007ffca4740000 - 0x00007ffca4748000 	C:\Windows\System32\PSAPI.DLL
0x00007ffc9acb0000 - 0x00007ffc9acc7000 	C:\Windows\SYSTEM32\dhcpcsvc6.DLL
0x00007ffc9bd70000 - 0x00007ffc9bd8d000 	C:\Windows\SYSTEM32\dhcpcsvc.DLL

JVMTI agents:
c:\Users\PC\.vscode\extensions\redhat.java-1.56.0-win32-x64\lombok\lombok-1.18.39-4050.jar path:c:\Users\PC\.vscode\extensions\redhat.java-1.56.0-win32-x64\jre\21.0.12.1-win32-x86_64\bin\instrument.dll, loaded, initialized, instrumentlib options:none

dbghelp: loaded successfully - version: 4.0.5 - missing functions: none
symbol engine: initialized successfully - sym options: 0x614 - pdb path: .;c:\Users\PC\.vscode\extensions\redhat.java-1.56.0-win32-x64\jre\21.0.12.1-win32-x86_64\bin;C:\Windows\SYSTEM32;C:\Windows\WinSxS\amd64_microsoft.windows.common-controls_6595b64144ccf1df_6.0.19041.6456_none_60b8a6cb71f64256;c:\Users\PC\.vscode\extensions\redhat.java-1.56.0-win32-x64\jre\21.0.12.1-win32-x86_64\bin\server;C:\Users\PC\AppData\Roaming\Code\User\globalStorage\redhat.java\1.56.0\config_win\org.eclipse.equinox.launcher\org.eclipse.equinox.launcher.win32.win32.x86_64_1.3.100.v20260804-1928;C:\Users\PC\AppData\Local\Temp\jna-2547

VM Arguments:
jvm_args: --add-modules=ALL-SYSTEM --add-opens=java.base/java.util=ALL-UNNAMED --add-opens=java.base/java.lang=ALL-UNNAMED --add-opens=java.base/sun.nio.fs=ALL-UNNAMED -Declipse.application=org.eclipse.jdt.ls.core.id1 -Dosgi.bundles.defaultStartLevel=4 -Declipse.product=org.eclipse.jdt.ls.core.product -Djava.import.generatesMetadataFilesAtProjectRoot=false -Dm2e.project.cache.size=50 -DDetectVMInstallationsJob.disabled=true -Dfile.encoding=utf8 -XX:+UseParallelGC -XX:GCTimeRatio=4 -XX:AdaptiveSizePolicyWeight=90 -Dsun.zip.disableMemoryMapping=true -Xmx4G -Xms100m -Xlog:disable -javaagent:c:\Users\PC\.vscode\extensions\redhat.java-1.56.0-win32-x64\lombok\lombok-1.18.39-4050.jar -XX:+HeapDumpOnOutOfMemoryError -XX:HeapDumpPath=c:\Users\PC\AppData\Roaming\Code\User\workspaceStorage\31b614057c0cd9dbfdc92048a1b492f8\redhat.java -Daether.dependencyCollector.impl=bf 
java_command: c:\Users\PC\.vscode\extensions\redhat.java-1.56.0-win32-x64\server\plugins\org.eclipse.equinox.launcher_1.8.0.v20260804-1928.jar -configuration c:\Users\PC\AppData\Roaming\Code\User\globalStorage\redhat.java\1.56.0\config_win -data c:\Users\PC\AppData\Roaming\Code\User\workspaceStorage\31b614057c0cd9dbfdc92048a1b492f8\redhat.java\jdt_ws --pipe=\\.\pipe\lsp-8df403642cf4827ccd57b174091d7a49-sock
java_class_path (initial): c:\Users\PC\.vscode\extensions\redhat.java-1.56.0-win32-x64\server\plugins\org.eclipse.equinox.launcher_1.8.0.v20260804-1928.jar
Launcher Type: SUN_STANDARD

[Global flags]
    uintx AdaptiveSizePolicyWeight                 = 90                                        {product} {command line}
     intx CICompilerCount                          = 3                                         {product} {ergonomic}
    uintx GCTimeRatio                              = 4                                         {product} {command line}
     bool HeapDumpOnOutOfMemoryError               = true                                   {manageable} {command line}
    ccstr HeapDumpPath                             = c:\Users\PC\AppData\Roaming\Code\User\workspaceStorage\31b614057c0cd9dbfdc92048a1b492f8\redhat.java         {manageable} {command line}
   size_t InitialHeapSize                          = 104857600                                 {product} {command line}
   size_t MaxHeapSize                              = 4294967296                                {product} {command line}
   size_t MaxNewSize                               = 1431306240                                {product} {ergonomic}
   size_t MinHeapDeltaBytes                        = 524288                                    {product} {ergonomic}
   size_t MinHeapSize                              = 104857600                                 {product} {command line}
   size_t NewSize                                  = 34603008                                  {product} {ergonomic}
    uintx NonNMethodCodeHeapSize                   = 5832780                                {pd product} {ergonomic}
    uintx NonProfiledCodeHeapSize                  = 122912730                              {pd product} {ergonomic}
   size_t OldSize                                  = 70254592                                  {product} {ergonomic}
    uintx ProfiledCodeHeapSize                     = 122912730                              {pd product} {ergonomic}
    uintx ReservedCodeCacheSize                    = 251658240                              {pd product} {ergonomic}
     bool SegmentedCodeCache                       = true                                      {product} {ergonomic}
   size_t SoftMaxHeapSize                          = 4294967296                             {manageable} {ergonomic}
     bool UseCompressedOops                        = true                           {product lp64_product} {ergonomic}
     bool UseLargePagesIndividualAllocation        = false                                  {pd product} {ergonomic}
     bool UseParallelGC                            = true                                      {product} {command line}

Logging:
Log output configuration:
 #0: stdout all=off uptime,level,tags foldmultilines=false
 #1: stderr all=off uptime,level,tags foldmultilines=false

Release file:
JAVA_VERSION="21.0.12.1" 
MODULES="java.base java.compiler java.datatransfer java.xml java.prefs java.desktop java.instrument java.logging java.management java.security.sasl java.naming java.rmi java.management.rmi java.net.http java.scripting java.security.jgss java.transaction.xa java.sql java.sql.rowset java.xml.crypto java.se java.smartcardio jdk.accessibility jdk.internal.jvmstat jdk.attach jdk.charsets jdk.internal.opt jdk.zipfs jdk.compiler jdk.crypto.ec jdk.crypto.cryptoki jdk.crypto.mscapi jdk.dynalink jdk.internal.ed jdk.editpad jdk.hotspot.agent jdk.httpserver jdk.internal.le jdk.internal.vm.ci jdk.internal.vm.compiler jdk.internal.vm.compiler.management jdk.jartool jdk.javadoc jdk.jcmd jdk.management jdk.management.agent jdk.jconsole jdk.jdeps jdk.jdwp.agent jdk.jdi jdk.jfr jdk.jshell jdk.jsobject jdk.jstatd jdk.localedata jdk.management.jfr jdk.naming.dns jdk.naming.rmi jdk.net jdk.nio.mapmode jdk.random jdk.sctp jdk.security.auth jdk.security.jgss jdk.unsupported jdk.unsupported.desktop jdk.xml.dom" 

Environment Variables:
JAVA_HOME=C:\Program Files\Eclipse Adoptium\jdk-21.0.12.101-hotspot\
PATH=C:\Program Files\Eclipse Adoptium\jdk-21.0.12.101-hotspot\bin;C:\Windows\system32;C:\Windows;C:\Windows\System32\Wbem;C:\Windows\System32\WindowsPowerShell\v1.0\;C:\Windows\System32\OpenSSH\;C:\Program Files\Git\cmd;C:\Users\PC\AppData\Roaming\Microsoft\Windows\Start Menu\Programs\Python 3.13;C:\Users\PC\AppData\Local\Programs\Python\Launcher\;C:\Users\PC\AppData\Local\Microsoft\WindowsApps;C:\Users\PC\AppData\Local\Programs\Microsoft VS Code\bin
USERNAME=PC
OS=Windows_NT
PROCESSOR_IDENTIFIER=Intel64 Family 6 Model 37 Stepping 5, GenuineIntel
TMP=C:\Users\PC\AppData\Local\Temp
TEMP=C:\Users\PC\AppData\Local\Temp




Periodic native trim disabled

---------------  S Y S T E M  ---------------

OS:
 Windows 10 , 64 bit Build 19041 (10.0.19041.5915)
OS uptime: 2 days 22:18 hours

CPU: total 4 (initial active 4) (2 cores per cpu, 2 threads per core) family 6 model 37 stepping 5 microcode 0x7, cx8, cmov, fxsr, ht, mmx, sse, sse2, sse3, ssse3, sse4.1, sse4.2, popcnt, tsc, tscinvbit, clflush, rdtscp
Processor Information for the first 4 processors :
  Max Mhz: 2533, Current Mhz: 2533, Mhz Limit: 2533

Memory: 4k page, system-wide physical 1910M (266M free)
TotalPageFile size 7798M (AvailPageFile size 0M)
current process WorkingSet (physical memory assigned to process): 101M, peak: 214M
current process commit charge ("private bytes"): 406M, peak: 429M

vm_info: OpenJDK 64-Bit Server VM (21.0.12.1+1-LTS) for windows-amd64 JRE (21.0.12.1+1-LTS), built on 2026-08-18T00:00:00Z by "admin" with MS VC++ 17.12 (VS2022)

END.
